// Jest Snapshot v1, https://goo.gl/fbAQLP

exports[`LoginScreen should render the Login Screen 1`] = `
<div>
  LoginScreen
</div>
`;
