// Jest Snapshot v1, https://goo.gl/fbAQLP

exports[`SignUpScreen should render the SignUp Screen 1`] = `null`;
