// Jest Snapshot v1, https://goo.gl/fbAQLP

exports[`WelcomeScreen should render the Welcome Screen 1`] = `
<Text>
  Loading...
</Text>
`;
