// Jest Snapshot v1, https://goo.gl/fbAQLP

exports[`ButtonComponent should render the Button Component 1`] = `
<Text>
  Loading...
</Text>
`;
