// Jest Snapshot v1, https://goo.gl/fbAQLP

exports[`ThirdPartyButton should render the Third Party Button 1`] = `
<View
  accessibilityState={
    {
      "busy": undefined,
      "checked": undefined,
      "disabled": undefined,
      "expanded": undefined,
      "selected": undefined,
    }
  }
  accessibilityValue={
    {
      "max": undefined,
      "min": undefined,
      "now": undefined,
      "text": undefined,
    }
  }
  accessible={true}
  collapsable={false}
  focusable={true}
  onClick={[Function]}
  onResponderGrant={[Function]}
  onResponderMove={[Function]}
  onResponderRelease={[Function]}
  onResponderTerminate={[Function]}
  onResponderTerminationRequest={[Function]}
  onStartShouldSetResponder={[Function]}
  style={
    {
      "alignItems": "center",
      "borderColor": "#E8ECF4",
      "borderRadius": 8,
      "borderWidth": 1,
      "height": 56,
      "justifyContent": "center",
      "opacity": 1,
      "paddingHorizontal": 40,
      "paddingVertical": 16,
      "textAlign": "center",
      "width": "30%",
    }
  }
>
  <Image
    source={
      {
        "uri": "test",
      }
    }
    style={
      {
        "height": 20,
        "width": 20,
      }
    }
  />
</View>
`;
